{"logTime": "0530/123630", "correlationVector":"ybmmlXpgo53hO6ke6OPD2W.1","action":"SyncServerConnectionManagerRequest", "result":"SYNC_SERVER_OK", "context":{"environment":"Prod_southeastasia_prod-s01-064-apac-southeastasia", "migrationStage":"NotStarted", "server":"akswtt001000017"}}
{"logTime": "0530/123630", "correlationVector":"ybmmlXpgo53hO6ke6OPD2W.2","action":"ProcessGetUpdates", "result":"Done", "context":{"dataType":"Encryption Keys", "deleted":"0", "process_failed_to_decrypt":"0", "process_pending_decryption":"0", "process_success":"1", "total":"1"}}
{"logTime": "0530/123631", "correlationVector":"72DCWzHsny6iuztgzRn/JF","action":"SyncServerConnectionManagerRequest", "result":"SYNC_SERVER_OK", "context":{"environment":"", "migrationStage":"", "server":""}}
{"logTime": "0530/123631", "correlationVector":"72DCWzHsny6iuztgzRn/JF.0","action":"EncryptionKeysFetcher.DownloadKeys:", "result":"Success", "context":Key count: 7, Last key timestamp: 2026-02-03T13:30:40Z}
{"logTime": "0530/123631", "correlationVector":"72DCWzHsny6iuztgzRn/JF.1","action":"EncryptionKeysManager::SetEncryptionKeys:", "result":"Success", "context":Key names[7]:[dD2FreX8h1pzECz+3FrCXKg3GnqmGAuVvcgv6NrBg3KR0AKx3gLaDx5jV9ghLSsBqiQBCPPhW96UQhfm9D8ekg==][dxfUUijbdAdYXiPfF63qb6LqkM0T0heweZzOLzK3krOXod174nliWeG6+t1EInfm2AlUwDkt7QeeN1ydtCHT2A==][F+08SOFlQwg4knpiZE+ArnRfzdBbR0BzOoileq9+yLa/OK1VstzXBRjboAKLH9ICiEqNDMBEt9g1COfy+VIsRg==][7GbV95JHEBuZSpw64cojKFiv6f819hzNN+w/f3nqvlSq7NfE0gOkSMcRC7vuRxqCqXSRFuQMCZjVJmfMB/YSkQ==][80HGhFrS1rqHan0kl6z+h7gQLhcxWISd9BNa703tZYAFKUSJuJ+qMRDuo3WmTKfmKJC3+idCPQD+VsPD53rv1A==][Vw76GWEzZDeLqF+m9lvqoRuCE8f82UHntwBupcaqJdSi8ABjeQiroeseIEXxSb3d8x7Me6pCRF8NQGph+qWoHA==][jrWNQ44PDBJZBW7EW2fm2Ii61qkoCTBEhEm0FkVrEKsjn+XvOQGG+RMQUPHZ9ejSxDwxz8JAsUEi+hgt0/9rag==]}
{"logTime": "0530/123631", "correlationVector":"72DCWzHsny6iuztgzRn/JF.2","action":"EncryptionKeysManager::SetEncryptionKeysWithTimestamps:", "result":"Success", "context":Key timestamps[7]:[2023-07-05T09:48:53Z][2024-01-01T23:36:46Z][2024-06-30T02:17:47Z][2024-12-27T04:26:23Z][2025-08-07T08:06:52Z][2025-08-07T08:10:40Z][2026-02-03T13:30:40Z]}
{"logTime": "0530/123631", "correlationVector":"ybmmlXpgo53hO6ke6OPD2W","action":"Initial GetUpdates", "result":"", "context":Reason: NEW_CLIENT. cV=ybmmlXpgo53hO6ke6OPD2W}
{"logTime": "0530/123631", "correlationVector":"ybmmlXpgo53hO6ke6OPD2W.3","action":"GetUpdates Response", "result":"Success", "context":Received 1 update(s). cV=ybmmlXpgo53hO6ke6OPD2W.0;server=akswtt001000017;cloudType=Consumer;environment=Prod_southeastasia_prod-s01-064-apac-southeastasia;migrationStage=NotStarted}
{"logTime": "0530/123631", "correlationVector":"kLW5rSPkniNO0nB89/FY6s","action":"Initial GetUpdates", "result":"", "context":Reason: NEWLY_SUPPORTED_DATATYPE. cV=kLW5rSPkniNO0nB89/FY6s}
{"logTime": "0530/123632", "correlationVector":"kLW5rSPkniNO0nB89/FY6s.1","action":"SyncServerConnectionManagerRequest", "result":"SYNC_SERVER_OK", "context":{"environment":"Prod_southeastasia_prod-s01-065-apac-southeastasia", "migrationStage":"NotStarted", "server":"akswtt001000016"}}
{"logTime": "0530/123632", "correlationVector":"kLW5rSPkniNO0nB89/FY6s.2","action":"ProcessGetUpdates", "result":"Done", "context":{"dataType":"Preferences", "deleted":"2", "process_failed_to_decrypt":"0", "process_pending_decryption":"0", "process_success":"113", "total":"113"}}
{"logTime": "0530/123632", "correlationVector":"kLW5rSPkniNO0nB89/FY6s.3","action":"ProcessGetUpdates", "result":"Done", "context":{"dataType":"Passwords", "deleted":"1", "process_failed_to_decrypt":"0", "process_pending_decryption":"0", "process_success":"61", "total":"61"}}
{"logTime": "0530/123632", "correlationVector":"kLW5rSPkniNO0nB89/FY6s.4","action":"ProcessGetUpdates", "result":"Done", "context":{"dataType":"Device Info", "deleted":"0", "process_failed_to_decrypt":"0", "process_pending_decryption":"0", "process_success":"11", "total":"11"}}
{"logTime": "0530/123632", "correlationVector":"kLW5rSPkniNO0nB89/FY6s.5","action":"GetUpdates Response", "result":"Success", "context":Received 185 update(s). cV=kLW5rSPkniNO0nB89/FY6s.0;server=akswtt001000016;cloudType=Consumer;environment=Prod_southeastasia_prod-s01-065-apac-southeastasia;migrationStage=NotStarted}
{"logTime": "0530/123632", "correlationVector":"HCyFyJXdmtcYdziqnF30Vb","action":"Initial GetUpdates", "result":"", "context":Reason: NEWLY_SUPPORTED_DATATYPE. cV=HCyFyJXdmtcYdziqnF30Vb}
{"logTime": "0530/123632", "correlationVector":"HCyFyJXdmtcYdziqnF30Vb.1","action":"SyncServerConnectionManagerRequest", "result":"SYNC_SERVER_OK", "context":{"environment":"Prod_southeastasia_prod-s01-064-apac-southeastasia", "migrationStage":"NotStarted", "server":"akswtt001000014"}}
{"logTime": "0530/123632", "correlationVector":"HCyFyJXdmtcYdziqnF30Vb.2","action":"ProcessGetUpdates", "result":"Done", "context":{"dataType":"Bookmarks", "deleted":"29", "process_failed_to_decrypt":"0", "process_pending_decryption":"0", "process_success":"72", "total":"72"}}
{"logTime": "0530/123632", "correlationVector":"HCyFyJXdmtcYdziqnF30Vb.3","action":"GetUpdates Response", "result":"Success", "context":Received 72 update(s). cV=HCyFyJXdmtcYdziqnF30Vb.0;server=akswtt001000014;cloudType=Consumer;environment=Prod_southeastasia_prod-s01-064-apac-southeastasia;migrationStage=NotStarted}
{"logTime": "0530/123632", "correlationVector":"SBqjzV1z/s8pKZk/Zg/HY6","action":"Initial GetUpdates", "result":"", "context":Reason: NEWLY_SUPPORTED_DATATYPE. cV=SBqjzV1z/s8pKZk/Zg/HY6}
{"logTime": "0530/123633", "correlationVector":"SBqjzV1z/s8pKZk/Zg/HY6.1","action":"SyncServerConnectionManagerRequest", "result":"SYNC_SERVER_OK", "context":{"environment":"Prod_southeastasia_prod-s01-064-apac-southeastasia", "migrationStage":"NotStarted", "server":"akswtt00100001n"}}
{"logTime": "0530/123633", "correlationVector":"SBqjzV1z/s8pKZk/Zg/HY6.2","action":"ProcessGetUpdates", "result":"Done", "context":{"dataType":"Autofill Profiles", "deleted":"0", "process_failed_to_decrypt":"0", "process_pending_decryption":"0", "process_success":"8", "total":"8"}}
{"logTime": "0530/123633", "correlationVector":"SBqjzV1z/s8pKZk/Zg/HY6.3","action":"ProcessGetUpdates", "result":"Done", "context":{"dataType":"Autofill", "deleted":"0", "process_failed_to_decrypt":"0", "process_pending_decryption":"0", "process_success":"183", "total":"183"}}
{"logTime": "0530/123633", "correlationVector":"SBqjzV1z/s8pKZk/Zg/HY6.4","action":"ProcessGetUpdates", "result":"Done", "context":{"dataType":"Extensions", "deleted":"0", "process_failed_to_decrypt":"0", "process_pending_decryption":"0", "process_success":"7", "total":"7"}}
{"logTime": "0530/123633", "correlationVector":"SBqjzV1z/s8pKZk/Zg/HY6.5","action":"ProcessGetUpdates", "result":"Done", "context":{"dataType":"Sessions", "deleted":"17", "process_failed_to_decrypt":"0", "process_pending_decryption":"0", "process_success":"17", "total":"17"}}
{"logTime": "0530/123633", "correlationVector":"SBqjzV1z/s8pKZk/Zg/HY6.6","action":"ProcessGetUpdates", "result":"Done", "context":{"dataType":"Extension settings", "deleted":"0", "process_failed_to_decrypt":"0", "process_pending_decryption":"0", "process_success":"25", "total":"25"}}
{"logTime": "0530/123633", "correlationVector":"SBqjzV1z/s8pKZk/Zg/HY6.7","action":"ProcessGetUpdates", "result":"Done", "context":{"dataType":"Saved Tab Group", "deleted":"0", "process_failed_to_decrypt":"0", "process_pending_decryption":"0", "process_success":"3", "total":"3"}}
{"logTime": "0530/123633", "correlationVector":"SBqjzV1z/s8pKZk/Zg/HY6.8","action":"ProcessGetUpdates", "result":"Done", "context":{"dataType":"Collection", "deleted":"0", "process_failed_to_decrypt":"0", "process_pending_decryption":"0", "process_success":"1", "total":"1"}}
{"logTime": "0530/123633", "correlationVector":"SBqjzV1z/s8pKZk/Zg/HY6.9","action":"ProcessGetUpdates", "result":"Done", "context":{"dataType":"Edge Hub App Usage", "deleted":"6", "process_failed_to_decrypt":"0", "process_pending_decryption":"0", "process_success":"6", "total":"6"}}
{"logTime": "0530/123633", "correlationVector":"SBqjzV1z/s8pKZk/Zg/HY6.10","action":"GetUpdates Response", "result":"Success", "context":Received 250 update(s). cV=SBqjzV1z/s8pKZk/Zg/HY6.0;server=akswtt00100001n;cloudType=Consumer;environment=Prod_southeastasia_prod-s01-064-apac-southeastasia;migrationStage=NotStarted Some updates remain.}
{"logTime": "0530/123633", "correlationVector":"/FI9BUZ12YvBhUePT0SQQc","action":"Initial GetUpdates", "result":"", "context":Reason: NEWLY_SUPPORTED_DATATYPE. cV=/FI9BUZ12YvBhUePT0SQQc}
{"logTime": "0530/123634", "correlationVector":"/FI9BUZ12YvBhUePT0SQQc.1","action":"SyncServerConnectionManagerRequest", "result":"SYNC_SERVER_OK", "context":{"environment":"Prod_southeastasia_prod-s01-064-apac-southeastasia", "migrationStage":"NotStarted", "server":"akswtt00100001k"}}
{"logTime": "0530/123634", "correlationVector":"/FI9BUZ12YvBhUePT0SQQc.2","action":"ProcessGetUpdates", "result":"Done", "context":{"dataType":"Autofill Profiles", "deleted":"1", "process_failed_to_decrypt":"0", "process_pending_decryption":"0", "process_success":"1", "total":"1"}}
{"logTime": "0530/123634", "correlationVector":"/FI9BUZ12YvBhUePT0SQQc.3","action":"ProcessGetUpdates", "result":"Done", "context":{"dataType":"Autofill", "deleted":"0", "process_failed_to_decrypt":"0", "process_pending_decryption":"0", "process_success":"4", "total":"4"}}
{"logTime": "0530/123634", "correlationVector":"/FI9BUZ12YvBhUePT0SQQc.4","action":"ProcessGetUpdates", "result":"Done", "context":{"dataType":"Extensions", "deleted":"0", "process_failed_to_decrypt":"0", "process_pending_decryption":"0", "process_success":"2", "total":"2"}}
{"logTime": "0530/123634", "correlationVector":"/FI9BUZ12YvBhUePT0SQQc.5","action":"ProcessGetUpdates", "result":"Done", "context":{"dataType":"Sessions", "deleted":"233", "process_failed_to_decrypt":"0", "process_pending_decryption":"0", "process_success":"233", "total":"233"}}
{"logTime": "0530/123634", "correlationVector":"/FI9BUZ12YvBhUePT0SQQc.6","action":"ProcessGetUpdates", "result":"Done", "context":{"dataType":"Edge Hub App Usage", "deleted":"9", "process_failed_to_decrypt":"0", "process_pending_decryption":"0", "process_success":"10", "total":"10"}}
{"logTime": "0530/123634", "correlationVector":"/FI9BUZ12YvBhUePT0SQQc.7","action":"GetUpdates Response", "result":"Success", "context":Received 250 update(s). cV=/FI9BUZ12YvBhUePT0SQQc.0;server=akswtt00100001k;cloudType=Consumer;environment=Prod_southeastasia_prod-s01-064-apac-southeastasia;migrationStage=NotStarted Some updates remain.}
{"logTime": "0530/123634", "correlationVector":"l65XOFM2uUm+/4txmhp8zp","action":"Initial GetUpdates", "result":"", "context":Reason: NEWLY_SUPPORTED_DATATYPE. cV=l65XOFM2uUm+/4txmhp8zp}
{"logTime": "0530/123634", "correlationVector":"l65XOFM2uUm+/4txmhp8zp.1","action":"SyncServerConnectionManagerRequest", "result":"SYNC_SERVER_OK", "context":{"environment":"Prod_southeastasia_prod-s01-064-apac-southeastasia", "migrationStage":"NotStarted", "server":"akswtt00100000s"}}
{"logTime": "0530/123634", "correlationVector":"l65XOFM2uUm+/4txmhp8zp.2","action":"ProcessGetUpdates", "result":"Done", "context":{"dataType":"Autofill", "deleted":"0", "process_failed_to_decrypt":"0", "process_pending_decryption":"0", "process_success":"10", "total":"10"}}
{"logTime": "0530/123634", "correlationVector":"l65XOFM2uUm+/4txmhp8zp.3","action":"ProcessGetUpdates", "result":"Done", "context":{"dataType":"Sessions", "deleted":"239", "process_failed_to_decrypt":"0", "process_pending_decryption":"0", "process_success":"239", "total":"239"}}
{"logTime": "0530/123634", "correlationVector":"l65XOFM2uUm+/4txmhp8zp.4","action":"ProcessGetUpdates", "result":"Done", "context":{"dataType":"Edge Hub App Usage", "deleted":"0", "process_failed_to_decrypt":"0", "process_pending_decryption":"0", "process_success":"1", "total":"1"}}
{"logTime": "0530/123634", "correlationVector":"l65XOFM2uUm+/4txmhp8zp.5","action":"GetUpdates Response", "result":"Success", "context":Received 250 update(s). cV=l65XOFM2uUm+/4txmhp8zp.0;server=akswtt00100000s;cloudType=Consumer;environment=Prod_southeastasia_prod-s01-064-apac-southeastasia;migrationStage=NotStarted Some updates remain.}
{"logTime": "0530/123634", "correlationVector":"wGFESbJP+JIkgoixJbyoQe","action":"Initial GetUpdates", "result":"", "context":Reason: NEWLY_SUPPORTED_DATATYPE. cV=wGFESbJP+JIkgoixJbyoQe}
{"logTime": "0530/123635", "correlationVector":"wGFESbJP+JIkgoixJbyoQe.1","action":"SyncServerConnectionManagerRequest", "result":"SYNC_SERVER_OK", "context":{"environment":"Prod_southeastasia_prod-s01-064-apac-southeastasia", "migrationStage":"NotStarted", "server":"akswtt001000010"}}
{"logTime": "0530/123635", "correlationVector":"wGFESbJP+JIkgoixJbyoQe.2","action":"ProcessGetUpdates", "result":"Done", "context":{"dataType":"Autofill", "deleted":"0", "process_failed_to_decrypt":"0", "process_pending_decryption":"0", "process_success":"6", "total":"6"}}
{"logTime": "0530/123635", "correlationVector":"wGFESbJP+JIkgoixJbyoQe.3","action":"ProcessGetUpdates", "result":"Done", "context":{"dataType":"Sessions", "deleted":"239", "process_failed_to_decrypt":"0", "process_pending_decryption":"0", "process_success":"239", "total":"239"}}
{"logTime": "0530/123635", "correlationVector":"wGFESbJP+JIkgoixJbyoQe.4","action":"ProcessGetUpdates", "result":"Done", "context":{"dataType":"Edge Hub App Usage", "deleted":"1", "process_failed_to_decrypt":"0", "process_pending_decryption":"0", "process_success":"5", "total":"5"}}
{"logTime": "0530/123635", "correlationVector":"wGFESbJP+JIkgoixJbyoQe.5","action":"GetUpdates Response", "result":"Success", "context":Received 250 update(s). cV=wGFESbJP+JIkgoixJbyoQe.0;server=akswtt001000010;cloudType=Consumer;environment=Prod_southeastasia_prod-s01-064-apac-southeastasia;migrationStage=NotStarted Some updates remain.}
{"logTime": "0530/123635", "correlationVector":"E/whLZJzMMOkSMIrdDMZlf","action":"Initial GetUpdates", "result":"", "context":Reason: NEWLY_SUPPORTED_DATATYPE. cV=E/whLZJzMMOkSMIrdDMZlf}
{"logTime": "0530/123636", "correlationVector":"E/whLZJzMMOkSMIrdDMZlf.1","action":"SyncServerConnectionManagerRequest", "result":"SYNC_SERVER_OK", "context":{"environment":"Prod_southeastasia_prod-s01-064-apac-southeastasia", "migrationStage":"NotStarted", "server":"akswtt00100000f"}}
{"logTime": "0530/123636", "correlationVector":"E/whLZJzMMOkSMIrdDMZlf.2","action":"ProcessGetUpdates", "result":"Done", "context":{"dataType":"Autofill", "deleted":"0", "process_failed_to_decrypt":"0", "process_pending_decryption":"0", "process_success":"9", "total":"9"}}
{"logTime": "0530/123636", "correlationVector":"E/whLZJzMMOkSMIrdDMZlf.3","action":"ProcessGetUpdates", "result":"Done", "context":{"dataType":"Sessions", "deleted":"241", "process_failed_to_decrypt":"0", "process_pending_decryption":"0", "process_success":"241", "total":"241"}}
{"logTime": "0530/123636", "correlationVector":"E/whLZJzMMOkSMIrdDMZlf.4","action":"GetUpdates Response", "result":"Success", "context":Received 250 update(s). cV=E/whLZJzMMOkSMIrdDMZlf.0;server=akswtt00100000f;cloudType=Consumer;environment=Prod_southeastasia_prod-s01-064-apac-southeastasia;migrationStage=NotStarted Some updates remain.}
{"logTime": "0530/123636", "correlationVector":"CVskJy7MndTdm/MEsgj+6T","action":"Initial GetUpdates", "result":"", "context":Reason: NEWLY_SUPPORTED_DATATYPE. cV=CVskJy7MndTdm/MEsgj+6T}
{"logTime": "0530/123636", "correlationVector":"CVskJy7MndTdm/MEsgj+6T.1","action":"SyncServerConnectionManagerRequest", "result":"SYNC_SERVER_OK", "context":{"environment":"Prod_southeastasia_prod-s01-064-apac-southeastasia", "migrationStage":"NotStarted", "server":"akswtt00100000e"}}
{"logTime": "0530/123636", "correlationVector":"CVskJy7MndTdm/MEsgj+6T.2","action":"ProcessGetUpdates", "result":"Done", "context":{"dataType":"Autofill Profiles", "deleted":"1", "process_failed_to_decrypt":"0", "process_pending_decryption":"0", "process_success":"2", "total":"2"}}
{"logTime": "0530/123636", "correlationVector":"CVskJy7MndTdm/MEsgj+6T.3","action":"ProcessGetUpdates", "result":"Done", "context":{"dataType":"Autofill", "deleted":"0", "process_failed_to_decrypt":"0", "process_pending_decryption":"0", "process_success":"6", "total":"6"}}
{"logTime": "0530/123636", "correlationVector":"CVskJy7MndTdm/MEsgj+6T.4","action":"ProcessGetUpdates", "result":"Done", "context":{"dataType":"Extensions", "deleted":"0", "process_failed_to_decrypt":"0", "process_pending_decryption":"0", "process_success":"5", "total":"5"}}
{"logTime": "0530/123636", "correlationVector":"CVskJy7MndTdm/MEsgj+6T.5","action":"ProcessGetUpdates", "result":"Done", "context":{"dataType":"Sessions", "deleted":"159", "process_failed_to_decrypt":"0", "process_pending_decryption":"0", "process_success":"172", "total":"172"}}
{"logTime": "0530/123636", "correlationVector":"CVskJy7MndTdm/MEsgj+6T.6","action":"GetUpdates Response", "result":"Success", "context":Received 185 update(s). cV=CVskJy7MndTdm/MEsgj+6T.0;server=akswtt00100000e;cloudType=Consumer;environment=Prod_southeastasia_prod-s01-064-apac-southeastasia;migrationStage=NotStarted}
{"logTime": "0530/123636", "correlationVector":"a7nEKa/Z2604+54SkFINnH","action":"Initial GetUpdates", "result":"", "context":Reason: NEWLY_SUPPORTED_DATATYPE. cV=a7nEKa/Z2604+54SkFINnH}
{"logTime": "0530/123637", "correlationVector":"a7nEKa/Z2604+54SkFINnH.1","action":"SyncServerConnectionManagerRequest", "result":"SYNC_SERVER_OK", "context":{"environment":"Prod_southeastasia_prod-s01-064-apac-southeastasia", "migrationStage":"NotStarted", "server":"akswtt001000014"}}
{"logTime": "0530/123637", "correlationVector":"a7nEKa/Z2604+54SkFINnH.2","action":"ProcessGetUpdates", "result":"Done", "context":{"dataType":"History", "deleted":"0", "process_failed_to_decrypt":"0", "process_pending_decryption":"0", "process_success":"250", "total":"250"}}
{"logTime": "0530/123637", "correlationVector":"a7nEKa/Z2604+54SkFINnH.3","action":"GetUpdates Response", "result":"Success", "context":Received 250 update(s). cV=a7nEKa/Z2604+54SkFINnH.0;server=akswtt001000014;cloudType=Consumer;environment=Prod_southeastasia_prod-s01-064-apac-southeastasia;migrationStage=NotStarted Some updates remain.}
{"logTime": "0530/123637", "correlationVector":"X3PBbVgtf+g4ti/wwgIfBr","action":"Initial GetUpdates", "result":"", "context":Reason: NEWLY_SUPPORTED_DATATYPE. cV=X3PBbVgtf+g4ti/wwgIfBr}
{"logTime": "0530/123637", "correlationVector":"X3PBbVgtf+g4ti/wwgIfBr.1","action":"SyncServerConnectionManagerRequest", "result":"SYNC_SERVER_OK", "context":{"environment":"Prod_southeastasia_prod-s01-064-apac-southeastasia", "migrationStage":"NotStarted", "server":"akswtt001000004"}}
{"logTime": "0530/123637", "correlationVector":"X3PBbVgtf+g4ti/wwgIfBr.2","action":"ProcessGetUpdates", "result":"Done", "context":{"dataType":"History", "deleted":"0", "process_failed_to_decrypt":"0", "process_pending_decryption":"0", "process_success":"250", "total":"250"}}
{"logTime": "0530/123637", "correlationVector":"X3PBbVgtf+g4ti/wwgIfBr.3","action":"GetUpdates Response", "result":"Success", "context":Received 250 update(s). cV=X3PBbVgtf+g4ti/wwgIfBr.0;server=akswtt001000004;cloudType=Consumer;environment=Prod_southeastasia_prod-s01-064-apac-southeastasia;migrationStage=NotStarted Some updates remain.}
{"logTime": "0530/123637", "correlationVector":"HzrWrLYp5IodaqjUCAYbtt","action":"Initial GetUpdates", "result":"", "context":Reason: NEWLY_SUPPORTED_DATATYPE. cV=HzrWrLYp5IodaqjUCAYbtt}
{"logTime": "0530/123638", "correlationVector":"HzrWrLYp5IodaqjUCAYbtt.1","action":"SyncServerConnectionManagerRequest", "result":"SYNC_SERVER_OK", "context":{"environment":"Prod_southeastasia_prod-s01-064-apac-southeastasia", "migrationStage":"NotStarted", "server":"akswtt00100000o"}}
{"logTime": "0530/123638", "correlationVector":"HzrWrLYp5IodaqjUCAYbtt.2","action":"ProcessGetUpdates", "result":"Done", "context":{"dataType":"History", "deleted":"0", "process_failed_to_decrypt":"0", "process_pending_decryption":"0", "process_success":"250", "total":"250"}}
{"logTime": "0530/123638", "correlationVector":"HzrWrLYp5IodaqjUCAYbtt.3","action":"GetUpdates Response", "result":"Success", "context":Received 250 update(s). cV=HzrWrLYp5IodaqjUCAYbtt.0;server=akswtt00100000o;cloudType=Consumer;environment=Prod_southeastasia_prod-s01-064-apac-southeastasia;migrationStage=NotStarted Some updates remain.}
{"logTime": "0530/123638", "correlationVector":"wqOGYHSNFTGFfkMQA081GD","action":"Initial GetUpdates", "result":"", "context":Reason: NEWLY_SUPPORTED_DATATYPE. cV=wqOGYHSNFTGFfkMQA081GD}
{"logTime": "0530/123639", "correlationVector":"wqOGYHSNFTGFfkMQA081GD.1","action":"SyncServerConnectionManagerRequest", "result":"SYNC_SERVER_OK", "context":{"environment":"Prod_southeastasia_prod-s01-064-apac-southeastasia", "migrationStage":"NotStarted", "server":"akswtt00100000s"}}
{"logTime": "0530/123639", "correlationVector":"wqOGYHSNFTGFfkMQA081GD.2","action":"ProcessGetUpdates", "result":"Done", "context":{"dataType":"History", "deleted":"0", "process_failed_to_decrypt":"0", "process_pending_decryption":"0", "process_success":"250", "total":"250"}}
{"logTime": "0530/123639", "correlationVector":"wqOGYHSNFTGFfkMQA081GD.3","action":"GetUpdates Response", "result":"Success", "context":Received 250 update(s). cV=wqOGYHSNFTGFfkMQA081GD.0;server=akswtt00100000s;cloudType=Consumer;environment=Prod_southeastasia_prod-s01-064-apac-southeastasia;migrationStage=NotStarted Some updates remain.}
{"logTime": "0530/123639", "correlationVector":"6TWc1mpJpUAG3shmx5hsFh","action":"Initial GetUpdates", "result":"", "context":Reason: NEWLY_SUPPORTED_DATATYPE. cV=6TWc1mpJpUAG3shmx5hsFh}
{"logTime": "0530/123639", "correlationVector":"6TWc1mpJpUAG3shmx5hsFh.1","action":"SyncServerConnectionManagerRequest", "result":"SYNC_SERVER_OK", "context":{"environment":"Prod_southeastasia_prod-s01-064-apac-southeastasia", "migrationStage":"NotStarted", "server":"akswtt00100000p"}}
{"logTime": "0530/123639", "correlationVector":"6TWc1mpJpUAG3shmx5hsFh.2","action":"ProcessGetUpdates", "result":"Done", "context":{"dataType":"History", "deleted":"0", "process_failed_to_decrypt":"0", "process_pending_decryption":"0", "process_success":"250", "total":"250"}}
{"logTime": "0530/123639", "correlationVector":"6TWc1mpJpUAG3shmx5hsFh.3","action":"GetUpdates Response", "result":"Success", "context":Received 250 update(s). cV=6TWc1mpJpUAG3shmx5hsFh.0;server=akswtt00100000p;cloudType=Consumer;environment=Prod_southeastasia_prod-s01-064-apac-southeastasia;migrationStage=NotStarted Some updates remain.}
{"logTime": "0530/123639", "correlationVector":"z7FiO2ZijbZzxf5cV0DfHq","action":"Initial GetUpdates", "result":"", "context":Reason: NEWLY_SUPPORTED_DATATYPE. cV=z7FiO2ZijbZzxf5cV0DfHq}
{"logTime": "0530/123640", "correlationVector":"z7FiO2ZijbZzxf5cV0DfHq.1","action":"SyncServerConnectionManagerRequest", "result":"SYNC_SERVER_OK", "context":{"environment":"Prod_southeastasia_prod-s01-064-apac-southeastasia", "migrationStage":"NotStarted", "server":"akswtt001000017"}}
{"logTime": "0530/123640", "correlationVector":"z7FiO2ZijbZzxf5cV0DfHq.2","action":"ProcessGetUpdates", "result":"Done", "context":{"dataType":"History", "deleted":"0", "process_failed_to_decrypt":"0", "process_pending_decryption":"0", "process_success":"250", "total":"250"}}
{"logTime": "0530/123640", "correlationVector":"z7FiO2ZijbZzxf5cV0DfHq.3","action":"GetUpdates Response", "result":"Success", "context":Received 250 update(s). cV=z7FiO2ZijbZzxf5cV0DfHq.0;server=akswtt001000017;cloudType=Consumer;environment=Prod_southeastasia_prod-s01-064-apac-southeastasia;migrationStage=NotStarted Some updates remain.}
{"logTime": "0530/123640", "correlationVector":"7MJq/yPIb++ZLY+6qDQzBn","action":"Initial GetUpdates", "result":"", "context":Reason: NEWLY_SUPPORTED_DATATYPE. cV=7MJq/yPIb++ZLY+6qDQzBn}
{"logTime": "0530/123641", "correlationVector":"7MJq/yPIb++ZLY+6qDQzBn.1","action":"SyncServerConnectionManagerRequest", "result":"SYNC_SERVER_OK", "context":{"environment":"Prod_southeastasia_prod-s01-064-apac-southeastasia", "migrationStage":"NotStarted", "server":"akswtt00100000o"}}
{"logTime": "0530/123641", "correlationVector":"7MJq/yPIb++ZLY+6qDQzBn.2","action":"ProcessGetUpdates", "result":"Done", "context":{"dataType":"History", "deleted":"0", "process_failed_to_decrypt":"0", "process_pending_decryption":"0", "process_success":"250", "total":"250"}}
{"logTime": "0530/123641", "correlationVector":"7MJq/yPIb++ZLY+6qDQzBn.3","action":"GetUpdates Response", "result":"Success", "context":Received 250 update(s). cV=7MJq/yPIb++ZLY+6qDQzBn.0;server=akswtt00100000o;cloudType=Consumer;environment=Prod_southeastasia_prod-s01-064-apac-southeastasia;migrationStage=NotStarted Some updates remain.}
{"logTime": "0530/123641", "correlationVector":"mhgINV6ePOkhEanBNFvX97","action":"Initial GetUpdates", "result":"", "context":Reason: NEWLY_SUPPORTED_DATATYPE. cV=mhgINV6ePOkhEanBNFvX97}
{"logTime": "0530/123642", "correlationVector":"mhgINV6ePOkhEanBNFvX97.1","action":"SyncServerConnectionManagerRequest", "result":"SYNC_SERVER_OK", "context":{"environment":"Prod_southeastasia_prod-s01-064-apac-southeastasia", "migrationStage":"NotStarted", "server":"akswtt00100000e"}}
{"logTime": "0530/123642", "correlationVector":"mhgINV6ePOkhEanBNFvX97.2","action":"ProcessGetUpdates", "result":"Done", "context":{"dataType":"History", "deleted":"0", "process_failed_to_decrypt":"0", "process_pending_decryption":"0", "process_success":"250", "total":"250"}}
{"logTime": "0530/123642", "correlationVector":"mhgINV6ePOkhEanBNFvX97.3","action":"GetUpdates Response", "result":"Success", "context":Received 250 update(s). cV=mhgINV6ePOkhEanBNFvX97.0;server=akswtt00100000e;cloudType=Consumer;environment=Prod_southeastasia_prod-s01-064-apac-southeastasia;migrationStage=NotStarted Some updates remain.}
{"logTime": "0530/123642", "correlationVector":"Hf9nD64Xv9sM59y9Tkmw1+","action":"Initial GetUpdates", "result":"", "context":Reason: NEWLY_SUPPORTED_DATATYPE. cV=Hf9nD64Xv9sM59y9Tkmw1+}
{"logTime": "0530/123642", "correlationVector":"Hf9nD64Xv9sM59y9Tkmw1+.1","action":"SyncServerConnectionManagerRequest", "result":"SYNC_SERVER_OK", "context":{"environment":"Prod_southeastasia_prod-s01-064-apac-southeastasia", "migrationStage":"NotStarted", "server":"akswtt00100000o"}}
{"logTime": "0530/123642", "correlationVector":"Hf9nD64Xv9sM59y9Tkmw1+.2","action":"ProcessGetUpdates", "result":"Done", "context":{"dataType":"History", "deleted":"0", "process_failed_to_decrypt":"0", "process_pending_decryption":"0", "process_success":"250", "total":"250"}}
{"logTime": "0530/123642", "correlationVector":"Hf9nD64Xv9sM59y9Tkmw1+.3","action":"GetUpdates Response", "result":"Success", "context":Received 250 update(s). cV=Hf9nD64Xv9sM59y9Tkmw1+.0;server=akswtt00100000o;cloudType=Consumer;environment=Prod_southeastasia_prod-s01-064-apac-southeastasia;migrationStage=NotStarted Some updates remain.}
{"logTime": "0530/123642", "correlationVector":"zzH56OSwbCTLyjnwDwVruR","action":"Initial GetUpdates", "result":"", "context":Reason: NEWLY_SUPPORTED_DATATYPE. cV=zzH56OSwbCTLyjnwDwVruR}
{"logTime": "0530/123643", "correlationVector":"zzH56OSwbCTLyjnwDwVruR.1","action":"SyncServerConnectionManagerRequest", "result":"SYNC_SERVER_OK", "context":{"environment":"Prod_southeastasia_prod-s01-064-apac-southeastasia", "migrationStage":"NotStarted", "server":"akswtt001000001"}}
{"logTime": "0530/123643", "correlationVector":"zzH56OSwbCTLyjnwDwVruR.2","action":"ProcessGetUpdates", "result":"Done", "context":{"dataType":"History", "deleted":"0", "process_failed_to_decrypt":"0", "process_pending_decryption":"0", "process_success":"250", "total":"250"}}
{"logTime": "0530/123643", "correlationVector":"zzH56OSwbCTLyjnwDwVruR.3","action":"GetUpdates Response", "result":"Success", "context":Received 250 update(s). cV=zzH56OSwbCTLyjnwDwVruR.0;server=akswtt001000001;cloudType=Consumer;environment=Prod_southeastasia_prod-s01-064-apac-southeastasia;migrationStage=NotStarted Some updates remain.}
{"logTime": "0530/123643", "correlationVector":"PPks/Jumwn1I0C/G08HRqB","action":"Initial GetUpdates", "result":"", "context":Reason: NEWLY_SUPPORTED_DATATYPE. cV=PPks/Jumwn1I0C/G08HRqB}
{"logTime": "0530/123644", "correlationVector":"PPks/Jumwn1I0C/G08HRqB.1","action":"SyncServerConnectionManagerRequest", "result":"SYNC_SERVER_OK", "context":{"environment":"Prod_southeastasia_prod-s01-064-apac-southeastasia", "migrationStage":"NotStarted", "server":"akswtt00100000a"}}
{"logTime": "0530/123644", "correlationVector":"PPks/Jumwn1I0C/G08HRqB.2","action":"ProcessGetUpdates", "result":"Done", "context":{"dataType":"History", "deleted":"0", "process_failed_to_decrypt":"0", "process_pending_decryption":"0", "process_success":"250", "total":"250"}}
{"logTime": "0530/123644", "correlationVector":"PPks/Jumwn1I0C/G08HRqB.3","action":"GetUpdates Response", "result":"Success", "context":Received 250 update(s). cV=PPks/Jumwn1I0C/G08HRqB.0;server=akswtt00100000a;cloudType=Consumer;environment=Prod_southeastasia_prod-s01-064-apac-southeastasia;migrationStage=NotStarted Some updates remain.}
{"logTime": "0530/123644", "correlationVector":"u4D95p0ZotBvVDwB8sANot","action":"Initial GetUpdates", "result":"", "context":Reason: NEWLY_SUPPORTED_DATATYPE. cV=u4D95p0ZotBvVDwB8sANot}
{"logTime": "0530/123645", "correlationVector":"u4D95p0ZotBvVDwB8sANot.1","action":"SyncServerConnectionManagerRequest", "result":"SYNC_SERVER_OK", "context":{"environment":"Prod_southeastasia_prod-s01-064-apac-southeastasia", "migrationStage":"NotStarted", "server":"akswtt00100000o"}}
{"logTime": "0530/123645", "correlationVector":"u4D95p0ZotBvVDwB8sANot.2","action":"ProcessGetUpdates", "result":"Done", "context":{"dataType":"History", "deleted":"0", "process_failed_to_decrypt":"0", "process_pending_decryption":"0", "process_success":"250", "total":"250"}}
{"logTime": "0530/123645", "correlationVector":"u4D95p0ZotBvVDwB8sANot.3","action":"GetUpdates Response", "result":"Success", "context":Received 250 update(s). cV=u4D95p0ZotBvVDwB8sANot.0;server=akswtt00100000o;cloudType=Consumer;environment=Prod_southeastasia_prod-s01-064-apac-southeastasia;migrationStage=NotStarted Some updates remain.}
{"logTime": "0530/123645", "correlationVector":"wwWurs593rfJtwv7Yqi7VE","action":"Initial GetUpdates", "result":"", "context":Reason: NEWLY_SUPPORTED_DATATYPE. cV=wwWurs593rfJtwv7Yqi7VE}
{"logTime": "0530/123645", "correlationVector":"wwWurs593rfJtwv7Yqi7VE.1","action":"SyncServerConnectionManagerRequest", "result":"SYNC_SERVER_OK", "context":{"environment":"Prod_southeastasia_prod-s01-064-apac-southeastasia", "migrationStage":"NotStarted", "server":"akswtt00100000p"}}
{"logTime": "0530/123645", "correlationVector":"wwWurs593rfJtwv7Yqi7VE.2","action":"ProcessGetUpdates", "result":"Done", "context":{"dataType":"History", "deleted":"0", "process_failed_to_decrypt":"0", "process_pending_decryption":"0", "process_success":"250", "total":"250"}}
{"logTime": "0530/123645", "correlationVector":"wwWurs593rfJtwv7Yqi7VE.3","action":"GetUpdates Response", "result":"Success", "context":Received 250 update(s). cV=wwWurs593rfJtwv7Yqi7VE.0;server=akswtt00100000p;cloudType=Consumer;environment=Prod_southeastasia_prod-s01-064-apac-southeastasia;migrationStage=NotStarted Some updates remain.}
{"logTime": "0530/123645", "correlationVector":"ao09c5Vb+JyL6kdK3AgDJR","action":"Initial GetUpdates", "result":"", "context":Reason: NEWLY_SUPPORTED_DATATYPE. cV=ao09c5Vb+JyL6kdK3AgDJR}
{"logTime": "0530/123646", "correlationVector":"ao09c5Vb+JyL6kdK3AgDJR.1","action":"SyncServerConnectionManagerRequest", "result":"SYNC_SERVER_OK", "context":{"environment":"Prod_southeastasia_prod-s01-064-apac-southeastasia", "migrationStage":"NotStarted", "server":"akswtt00100000t"}}
{"logTime": "0530/123646", "correlationVector":"ao09c5Vb+JyL6kdK3AgDJR.2","action":"ProcessGetUpdates", "result":"Done", "context":{"dataType":"History", "deleted":"0", "process_failed_to_decrypt":"0", "process_pending_decryption":"0", "process_success":"250", "total":"250"}}
{"logTime": "0530/123646", "correlationVector":"ao09c5Vb+JyL6kdK3AgDJR.3","action":"GetUpdates Response", "result":"Success", "context":Received 250 update(s). cV=ao09c5Vb+JyL6kdK3AgDJR.0;server=akswtt00100000t;cloudType=Consumer;environment=Prod_southeastasia_prod-s01-064-apac-southeastasia;migrationStage=NotStarted Some updates remain.}
{"logTime": "0530/123646", "correlationVector":"JLxk5KCqgIsDqsZYxkhME7","action":"Initial GetUpdates", "result":"", "context":Reason: NEWLY_SUPPORTED_DATATYPE. cV=JLxk5KCqgIsDqsZYxkhME7}
{"logTime": "0530/123646", "correlationVector":"JLxk5KCqgIsDqsZYxkhME7.1","action":"SyncServerConnectionManagerRequest", "result":"SYNC_SERVER_OK", "context":{"environment":"Prod_southeastasia_prod-s01-064-apac-southeastasia", "migrationStage":"NotStarted", "server":"akswtt00100001f"}}
{"logTime": "0530/123646", "correlationVector":"JLxk5KCqgIsDqsZYxkhME7.2","action":"ProcessGetUpdates", "result":"Done", "context":{"dataType":"History", "deleted":"0", "process_failed_to_decrypt":"0", "process_pending_decryption":"0", "process_success":"250", "total":"250"}}
{"logTime": "0530/123646", "correlationVector":"JLxk5KCqgIsDqsZYxkhME7.3","action":"GetUpdates Response", "result":"Success", "context":Received 250 update(s). cV=JLxk5KCqgIsDqsZYxkhME7.0;server=akswtt00100001f;cloudType=Consumer;environment=Prod_southeastasia_prod-s01-064-apac-southeastasia;migrationStage=NotStarted Some updates remain.}
{"logTime": "0530/123646", "correlationVector":"Tg0F6ayCC86+waJdyYNZ4G","action":"Initial GetUpdates", "result":"", "context":Reason: NEWLY_SUPPORTED_DATATYPE. cV=Tg0F6ayCC86+waJdyYNZ4G}
{"logTime": "0530/123647", "correlationVector":"Tg0F6ayCC86+waJdyYNZ4G.1","action":"SyncServerConnectionManagerRequest", "result":"SYNC_SERVER_OK", "context":{"environment":"Prod_southeastasia_prod-s01-064-apac-southeastasia", "migrationStage":"NotStarted", "server":"akswtt00100000p"}}
{"logTime": "0530/123647", "correlationVector":"Tg0F6ayCC86+waJdyYNZ4G.2","action":"ProcessGetUpdates", "result":"Done", "context":{"dataType":"History", "deleted":"0", "process_failed_to_decrypt":"0", "process_pending_decryption":"0", "process_success":"57", "total":"57"}}
{"logTime": "0530/123647", "correlationVector":"Tg0F6ayCC86+waJdyYNZ4G.3","action":"GetUpdates Response", "result":"Success", "context":Received 57 update(s). cV=Tg0F6ayCC86+waJdyYNZ4G.0;server=akswtt00100000p;cloudType=Consumer;environment=Prod_southeastasia_prod-s01-064-apac-southeastasia;migrationStage=NotStarted}
{"logTime": "0530/123647", "correlationVector":"4GKJJDBZiFWYnspKG8z0Pf","action":"Normal GetUpdate request", "result":"", "context":cV=4GKJJDBZiFWYnspKG8z0Pf
Nudged types: Preferences, Passwords, Sessions, Device Info, User Consents, History
Refresh requested types: Bookmarks, Preferences, Passwords, Autofill Profiles, Autofill, Extensions, Sessions, Extension settings, History Delete Directives, Device Info, User Consents, Send Tab To Self, Web Apps, History, Saved Tab Group, WebAuthn Credentials, Collection, Edge E Drop, Edge Hub App Usage, Edge Wallet, Edge Workspace, Encryption Keys}
{"logTime": "0530/123647", "correlationVector":"4GKJJDBZiFWYnspKG8z0Pf.1","action":"SyncServerConnectionManagerRequest", "result":"SYNC_SERVER_OK", "context":{"environment":"Prod_southeastasia_prod-s01-064-apac-southeastasia", "migrationStage":"NotStarted", "server":"akswtt001000003"}}
{"logTime": "0530/123647", "correlationVector":"4GKJJDBZiFWYnspKG8z0Pf.2","action":"GetUpdates Response", "result":"Success", "context":Received 0 update(s). cV=4GKJJDBZiFWYnspKG8z0Pf.0;server=akswtt001000003;cloudType=Consumer;environment=Prod_southeastasia_prod-s01-064-apac-southeastasia;migrationStage=NotStarted}
{"logTime": "0530/123647", "correlationVector":"KrvCoCuQKlm38yycWzQ+IY","action":"Commit Request", "result":"", "context":Item count: 40
Contributing types: Passwords}
{"logTime": "0530/123649", "correlationVector":"KrvCoCuQKlm38yycWzQ+IY.1","action":"SyncServerConnectionManagerRequest", "result":"SYNC_SERVER_OK", "context":{"environment":"Prod_southeastasia_prod-s01-064-apac-southeastasia", "migrationStage":"NotStarted", "server":"akswtt00100000p"}}
{"logTime": "0530/123649", "correlationVector":"KrvCoCuQKlm38yycWzQ+IY.2","action":"Commit Response", "result":"Success", "context":Result: Success. cV=KrvCoCuQKlm38yycWzQ+IY.0;server=akswtt00100000p;cloudType=Consumer;environment=Prod_southeastasia_prod-s01-064-apac-southeastasia;migrationStage=NotStarted}
{"logTime": "0530/123649", "correlationVector":"zsvD7ma4mNv3NopYO+0LuW","action":"Commit Request", "result":"", "context":Item count: 21
Contributing types: Preferences, Passwords, Sessions, Device Info, User Consents, History}
{"logTime": "0530/123650", "correlationVector":"zsvD7ma4mNv3NopYO+0LuW.1","action":"SyncServerConnectionManagerRequest", "result":"SYNC_SERVER_OK", "context":{"environment":"Prod_southeastasia_prod-s01-064-apac-southeastasia", "migrationStage":"NotStarted", "server":"akswtt00100001e"}}
{"logTime": "0530/123650", "correlationVector":"zsvD7ma4mNv3NopYO+0LuW.2","action":"Commit Response", "result":"Success", "context":Result: Success. cV=zsvD7ma4mNv3NopYO+0LuW.0;server=akswtt00100001e;cloudType=Consumer;environment=Prod_southeastasia_prod-s01-064-apac-southeastasia;migrationStage=NotStarted}
{"logTime": "0530/123728", "correlationVector":"TQN7vWsHnlusxZXnVPWjN9","action":"Commit Request", "result":"", "context":Item count: 40
Contributing types: Passwords}
{"logTime": "0530/123730", "correlationVector":"TQN7vWsHnlusxZXnVPWjN9.1","action":"SyncServerConnectionManagerRequest", "result":"SYNC_SERVER_OK", "context":{"environment":"Prod_southeastasia_prod-s01-064-apac-southeastasia", "migrationStage":"NotStarted", "server":"akswtt001000013"}}
{"logTime": "0530/123730", "correlationVector":"TQN7vWsHnlusxZXnVPWjN9.2","action":"Commit Response", "result":"Success", "context":Result: Success. cV=TQN7vWsHnlusxZXnVPWjN9.0;server=akswtt001000013;cloudType=Consumer;environment=Prod_southeastasia_prod-s01-064-apac-southeastasia;migrationStage=NotStarted}
{"logTime": "0530/123730", "correlationVector":"Kj+9HZd/3PLlF5Yguclcga","action":"Commit Request", "result":"", "context":Item count: 19
Contributing types: Passwords}
{"logTime": "0530/123731", "correlationVector":"Kj+9HZd/3PLlF5Yguclcga.1","action":"SyncServerConnectionManagerRequest", "result":"SYNC_SERVER_OK", "context":{"environment":"Prod_southeastasia_prod-s01-064-apac-southeastasia", "migrationStage":"NotStarted", "server":"akswtt001000017"}}
{"logTime": "0530/123731", "correlationVector":"Kj+9HZd/3PLlF5Yguclcga.2","action":"Commit Response", "result":"Success", "context":Result: Success. cV=Kj+9HZd/3PLlF5Yguclcga.0;server=akswtt001000017;cloudType=Consumer;environment=Prod_southeastasia_prod-s01-064-apac-southeastasia;migrationStage=NotStarted}
{"logTime": "0530/132713", "correlationVector":"1Fwm9MQ+LH42jNaxjX05BF.1","action":"SyncServerConnectionManagerRequest", "result":"SYNC_SERVER_OK", "context":{"environment":"Prod_southeastasia_prod-s01-064-apac-southeastasia", "migrationStage":"NotStarted", "server":"akswtt00100001n"}}
{"logTime": "0530/132713", "correlationVector":"1Fwm9MQ+LH42jNaxjX05BF.2","action":"ProcessGetUpdates", "result":"Done", "context":{"dataType":"Encryption Keys", "deleted":"0", "process_failed_to_decrypt":"0", "process_pending_decryption":"0", "process_success":"1", "total":"1"}}
{"logTime": "0530/132713", "correlationVector":"Rj9BOMt2rBP0NNvrKNJDi3","action":"SyncServerConnectionManagerRequest", "result":"SYNC_SERVER_OK", "context":{"environment":"", "migrationStage":"", "server":""}}
{"logTime": "0530/132713", "correlationVector":"Rj9BOMt2rBP0NNvrKNJDi3.0","action":"EncryptionKeysFetcher.DownloadKeys:", "result":"Success", "context":Key count: 7, Last key timestamp: 2026-02-03T13:30:40Z}
{"logTime": "0530/132713", "correlationVector":"Rj9BOMt2rBP0NNvrKNJDi3.1","action":"EncryptionKeysManager::SetEncryptionKeys:", "result":"Success", "context":Key names[7]:[dD2FreX8h1pzECz+3FrCXKg3GnqmGAuVvcgv6NrBg3KR0AKx3gLaDx5jV9ghLSsBqiQBCPPhW96UQhfm9D8ekg==][dxfUUijbdAdYXiPfF63qb6LqkM0T0heweZzOLzK3krOXod174nliWeG6+t1EInfm2AlUwDkt7QeeN1ydtCHT2A==][F+08SOFlQwg4knpiZE+ArnRfzdBbR0BzOoileq9+yLa/OK1VstzXBRjboAKLH9ICiEqNDMBEt9g1COfy+VIsRg==][7GbV95JHEBuZSpw64cojKFiv6f819hzNN+w/f3nqvlSq7NfE0gOkSMcRC7vuRxqCqXSRFuQMCZjVJmfMB/YSkQ==][80HGhFrS1rqHan0kl6z+h7gQLhcxWISd9BNa703tZYAFKUSJuJ+qMRDuo3WmTKfmKJC3+idCPQD+VsPD53rv1A==][Vw76GWEzZDeLqF+m9lvqoRuCE8f82UHntwBupcaqJdSi8ABjeQiroeseIEXxSb3d8x7Me6pCRF8NQGph+qWoHA==][jrWNQ44PDBJZBW7EW2fm2Ii61qkoCTBEhEm0FkVrEKsjn+XvOQGG+RMQUPHZ9ejSxDwxz8JAsUEi+hgt0/9rag==]}
{"logTime": "0530/132713", "correlationVector":"Rj9BOMt2rBP0NNvrKNJDi3.2","action":"EncryptionKeysManager::SetEncryptionKeysWithTimestamps:", "result":"Success", "context":Key timestamps[7]:[2023-07-05T09:48:53Z][2024-01-01T23:36:46Z][2024-06-30T02:17:47Z][2024-12-27T04:26:23Z][2025-08-07T08:06:52Z][2025-08-07T08:10:40Z][2026-02-03T13:30:40Z]}
{"logTime": "0530/132713", "correlationVector":"1Fwm9MQ+LH42jNaxjX05BF","action":"Initial GetUpdates", "result":"", "context":Reason: NEW_CLIENT. cV=1Fwm9MQ+LH42jNaxjX05BF}
{"logTime": "0530/132713", "correlationVector":"1Fwm9MQ+LH42jNaxjX05BF.3","action":"GetUpdates Response", "result":"Success", "context":Received 1 update(s). cV=1Fwm9MQ+LH42jNaxjX05BF.0;server=akswtt00100001n;cloudType=Consumer;environment=Prod_southeastasia_prod-s01-064-apac-southeastasia;migrationStage=NotStarted}
{"logTime": "0530/132713", "correlationVector":"I4g0vSlprInnhCbzX1eW+f","action":"Initial GetUpdates", "result":"", "context":Reason: NEWLY_SUPPORTED_DATATYPE. cV=I4g0vSlprInnhCbzX1eW+f}
{"logTime": "0530/132714", "correlationVector":"I4g0vSlprInnhCbzX1eW+f.1","action":"SyncServerConnectionManagerRequest", "result":"SYNC_SERVER_OK", "context":{"environment":"Prod_southeastasia_prod-s01-064-apac-southeastasia", "migrationStage":"NotStarted", "server":"akswtt001000016"}}
{"logTime": "0530/132714", "correlationVector":"I4g0vSlprInnhCbzX1eW+f.2","action":"ProcessGetUpdates", "result":"Done", "context":{"dataType":"Passwords", "deleted":"1", "process_failed_to_decrypt":"0", "process_pending_decryption":"0", "process_success":"61", "total":"61"}}
{"logTime": "0530/132714", "correlationVector":"I4g0vSlprInnhCbzX1eW+f.3","action":"GetUpdates Response", "result":"Success", "context":Received 61 update(s). cV=I4g0vSlprInnhCbzX1eW+f.0;server=akswtt001000016;cloudType=Consumer;environment=Prod_southeastasia_prod-s01-064-apac-southeastasia;migrationStage=NotStarted}
{"logTime": "0530/132714", "correlationVector":"bHulpspgIkZS3UYTLkQMCd","action":"Normal GetUpdate request", "result":"", "context":cV=bHulpspgIkZS3UYTLkQMCd
Nudged types: Sessions, History
Refresh requested types: Bookmarks, Preferences, Passwords, Autofill Profiles, Autofill, Extensions, Sessions, Extension settings, History Delete Directives, Device Info, User Consents, Send Tab To Self, Web Apps, History, Saved Tab Group, WebAuthn Credentials, Collection, Edge E Drop, Edge Hub App Usage, Edge Wallet, Edge Workspace, Encryption Keys}
{"logTime": "0530/132714", "correlationVector":"bHulpspgIkZS3UYTLkQMCd.1","action":"SyncServerConnectionManagerRequest", "result":"SYNC_SERVER_OK", "context":{"environment":"Prod_southeastasia_prod-s01-064-apac-southeastasia", "migrationStage":"NotStarted", "server":"akswtt001000003"}}
{"logTime": "0530/132714", "correlationVector":"bHulpspgIkZS3UYTLkQMCd.2","action":"ProcessGetUpdates", "result":"Done", "context":{"dataType":"Preferences", "deleted":"0", "process_failed_to_decrypt":"0", "process_pending_decryption":"0", "process_success":"2", "total":"2"}}
{"logTime": "0530/132714", "correlationVector":"bHulpspgIkZS3UYTLkQMCd.3","action":"ProcessGetUpdates", "result":"Done", "context":{"dataType":"Sessions", "deleted":"1", "process_failed_to_decrypt":"0", "process_pending_decryption":"0", "process_success":"4", "total":"4"}}
{"logTime": "0530/132714", "correlationVector":"bHulpspgIkZS3UYTLkQMCd.4","action":"ProcessGetUpdates", "result":"Done", "context":{"dataType":"Device Info", "deleted":"0", "process_failed_to_decrypt":"0", "process_pending_decryption":"0", "process_success":"1", "total":"1"}}
{"logTime": "0530/132714", "correlationVector":"bHulpspgIkZS3UYTLkQMCd.5","action":"ProcessGetUpdates", "result":"Done", "context":{"dataType":"History", "deleted":"0", "process_failed_to_decrypt":"0", "process_pending_decryption":"0", "process_success":"10", "total":"10"}}
{"logTime": "0530/132714", "correlationVector":"bHulpspgIkZS3UYTLkQMCd.6","action":"GetUpdates Response", "result":"Success", "context":Received 17 update(s). cV=bHulpspgIkZS3UYTLkQMCd.0;server=akswtt001000003;cloudType=Consumer;environment=Prod_southeastasia_prod-s01-064-apac-southeastasia;migrationStage=NotStarted}
{"logTime": "0530/132719", "correlationVector":"CUc0rbvA9/eGCjwzWen6G/","action":"Commit Request", "result":"", "context":Item count: 40
Contributing types: Passwords}
{"logTime": "0530/132721", "correlationVector":"CUc0rbvA9/eGCjwzWen6G/.1","action":"SyncServerConnectionManagerRequest", "result":"SYNC_SERVER_OK", "context":{"environment":"Prod_southeastasia_prod-s01-064-apac-southeastasia", "migrationStage":"NotStarted", "server":"akswtt00100001k"}}
{"logTime": "0530/132721", "correlationVector":"CUc0rbvA9/eGCjwzWen6G/.2","action":"Commit Response", "result":"Success", "context":Result: Success. cV=CUc0rbvA9/eGCjwzWen6G/.0;server=akswtt00100001k;cloudType=Consumer;environment=Prod_southeastasia_prod-s01-064-apac-southeastasia;migrationStage=NotStarted}
{"logTime": "0530/132721", "correlationVector":"4VViYFhEetfBKlLdiaT46C","action":"Commit Request", "result":"", "context":Item count: 20
Contributing types: Preferences, Passwords, Sessions, History}
{"logTime": "0530/132722", "correlationVector":"4VViYFhEetfBKlLdiaT46C.1","action":"SyncServerConnectionManagerRequest", "result":"SYNC_SERVER_OK", "context":{"environment":"Prod_southeastasia_prod-s01-064-apac-southeastasia", "migrationStage":"NotStarted", "server":"akswtt001000001"}}
{"logTime": "0530/132722", "correlationVector":"4VViYFhEetfBKlLdiaT46C.2","action":"Commit Response", "result":"Success", "context":Result: Success. cV=4VViYFhEetfBKlLdiaT46C.0;server=akswtt001000001;cloudType=Consumer;environment=Prod_southeastasia_prod-s01-064-apac-southeastasia;migrationStage=NotStarted}
{"logTime": "0530/132822", "correlationVector":"+UoYl50pcw+NKQJoJSWQLa","action":"Commit Request", "result":"", "context":Item count: 11
Contributing types: Sessions, History}
{"logTime": "0530/132823", "correlationVector":"+UoYl50pcw+NKQJoJSWQLa.1","action":"SyncServerConnectionManagerRequest", "result":"SYNC_SERVER_OK", "context":{"environment":"Prod_southeastasia_prod-s01-064-apac-southeastasia", "migrationStage":"NotStarted", "server":"akswtt001000008"}}
{"logTime": "0530/132823", "correlationVector":"+UoYl50pcw+NKQJoJSWQLa.2","action":"Commit Response", "result":"Success", "context":Result: Success. cV=+UoYl50pcw+NKQJoJSWQLa.0;server=akswtt001000008;cloudType=Consumer;environment=Prod_southeastasia_prod-s01-064-apac-southeastasia;migrationStage=NotStarted}
